[setupclaw.com/index.html]
[setupclaw.com/_next/static/media/797e433ab948586e-s.p.dbea232f.woff2]
[setupclaw.com/_next/static/media/caa3a2e1cccd8315-s.p.853070df.woff2]
[pbs.twimg.com/profile_images/1991652005908037632/1sS3gghN_bigger.jpg]
[pbs.twimg.com/profile_images/2020840587415433216/BUlPYfLD_bigger.jpg]
[setupclaw.com/_next/static/chunks/fbe9a0c42506541a5c16.css]
[setupclaw.com/_next/static/chunks/75b31e65f0a4fc665c16.js]
[setupclaw.com/_next/static/chunks/806bdb8e4a6a9b955c16.js]
[setupclaw.com/_next/static/chunks/511ee8dabee7039c5c16.js]
[setupclaw.com/_next/static/chunks/69be39811437728d5c16.js]
[setupclaw.com/_next/static/chunks/turbopack-db526edc284a15205c16.js]
[setupclaw.com/_next/static/chunks/2c79aa93bbbd92715c16.js]
[setupclaw.com/_next/static/chunks/ff1a16fafef871105c16.js]
[setupclaw.com/_next/static/chunks/d2be314c3ece3fbe5c16.js]
[setupclaw.com/_next/static/chunks/1e319380bd22f8bc5c16.js]
[backblue.gif]
[fade.gif]
[index.html]
[cdn.affonso.io/js/pixel.min.js]
[setupclaw.com/favicone727.ico]
[setupclaw.com/iconabcc.png]
[setupclaw.com/apple-icon2d95.png]
[setupclaw.com/_next/static/chunks/a6dad97d9634a72d5c16.js]
[setupclaw.com/lobster.avif]
[setupclaw.com/_next/gmailb634.png]
[setupclaw.com/_next/google-calendarfdc8.png]
[setupclaw.com/_next/outlook0708.png]
[setupclaw.com/_next/slack9b63.png]
[setupclaw.com/_next/imessage8673.png]
[setupclaw.com/_next/whatsappb581.png]
[setupclaw.com/_next/notiondcd3.png]
[setupclaw.com/_next/google-drive38cc.png]
[setupclaw.com/_next/zoom23a0.png]
[setupclaw.com/_next/hubspot442a.png]
[setupclaw.com/_next/salesforce86fb.png]
[setupclaw.com/_next/githubc38d.png]
[setupclaw.com/_next/google-sheets2695.png]
[setupclaw.com/_next/sam-parr-dm6bdb.avif]
[setupclaw.com/collison-install.html]
[setupclaw.com/_next/michael7da7.jpg]
[setupclaw.com/for/ceos.html]
[setupclaw.com/for/sales-teams.html]
[setupclaw.com/for/venture-capital.html]
[setupclaw.com/for/agencies.html]
[setupclaw.com/setup/san-francisco.html]
[setupclaw.com/setup/new-york.html]
[setupclaw.com/setup/los-angeles.html]
[setupclaw.com/setup/austin.html]
[setupclaw.com/setup/miami.html]
[setupclaw.com/setup/seattle.html]
[setupclaw.com/setup/chicago.html]
[setupclaw.com/setup/boston.html]
[setupclaw.com/setup/denver.html]
[setupclaw.com/setup/london.html]
[setupclaw.com/what-is-openclaw.html]
[setupclaw.com/openclaw-vs-executive-assistant.html]
[setupclaw.com/openclaw-setup-cost.html]
[setupclaw.com/terms.html]
[setupclaw.com/privacy.html]
[setupclaw.com/index.html]
[setupclaw.com/_next/static/chunks/fbe9a0c42506541a5c16.css]
[assets.apollo.io/micro/website-tracker/tracker.iife9bda.js]
[setupclaw.com/collison-install.html]
[setupclaw.com/for/ceos.html]
[setupclaw.com/for/sales-teams.html]
[setupclaw.com/for/venture-capital.html]
[setupclaw.com/for/agencies.html]
[setupclaw.com/setup/san-francisco.html]
[setupclaw.com/setup/new-york.html]
[setupclaw.com/setup/los-angeles.html]
[setupclaw.com/setup/austin.html]
[setupclaw.com/setup/miami.html]
[setupclaw.com/setup/seattle.html]
[setupclaw.com/setup/chicago.html]
[setupclaw.com/setup/boston.html]
[setupclaw.com/setup/denver.html]
[setupclaw.com/setup/london.html]
[setupclaw.com/what-is-openclaw.html]
[setupclaw.com/openclaw-vs-executive-assistant.html]
[setupclaw.com/openclaw-setup-cost.html]
[setupclaw.com/terms.html]
[setupclaw.com/privacy.html]
[setupclaw.com/_next/static/chunks/7c92e96509cd355e5c16.js]
